gpl.cpp::main()
  input file(tests/t140.gpl)
  random seed(42)
  read_keypresses_from_standard_input(true)
  dump_pixels(false)
  symbol_table(true)
  graphics(false)

gpl.cpp::main() Calling yyparse()


gpl.cpp::main() after call to yyparse().

No errors found (parser probably worked correctly).


Printing the symbol table from main()
double double_array[0] = 0.5
double double_array[1] = 1.5
double double_array[2] = 2.5
int int_array[0] = 0
int int_array[1] = 1
int int_array[2] = 2
string s_double = "1.500000"
string s_int = "1"
Graphics is turned off by the Makefile.  Program exiting.

gpl.cpp::main() done.
