gpl.cpp::main()
  input file(tests/t142.gpl)
  random seed(42)
  read_keypresses_from_standard_input(true)
  dump_pixels(false)
  symbol_table(true)
  graphics(false)

gpl.cpp::main() Calling yyparse()


gpl.cpp::main() after call to yyparse().

No errors found (parser probably worked correctly).


Printing the symbol table from main()
double d = 8
int i = 1
int nums[0] = 0
int nums[1] = 1
int nums[2] = 2
int nums[3] = 3
int nums[4] = 4
int nums[5] = 5
int nums[6] = 6
int nums[7] = 7
int nums[8] = 8
int nums[9] = 9
string s = "2"
Graphics is turned off by the Makefile.  Program exiting.

gpl.cpp::main() done.
