gpl.cpp::main()
  input file(tests/t167.gpl)
  random seed(42)
  read_keypresses_from_standard_input(true)
  dump_pixels(false)
  symbol_table(true)
  graphics(false)

gpl.cpp::main() Calling yyparse()


gpl.cpp::main() after call to yyparse().

No errors found (parser probably worked correctly).


Printing the symbol table from main()
int i = 2
int j = 40
int k = 42
int nums[0] = 0
int nums[1] = 1
int nums[2] = 2
int nums[3] = 3
int nums[4] = 4
Graphics is turned off by the Makefile.  Program exiting.

gpl.cpp::main() done.
