gpl.cpp::main()
  input file(tests/t183.gpl)
  random seed(42)
  read_keypresses_from_standard_input(true)
  dump_pixels(false)
  symbol_table(true)
  graphics(false)

gpl.cpp::main() Calling yyparse()


gpl.cpp::main() after call to yyparse().

No errors found (parser probably worked correctly).


Printing the symbol table from main()
int i = 1
int j = 2
int k = 4
int l = 8
int num0[0] = 0
int num1[0] = 0
int num1[1] = 1
int num2[0] = 0
int num2[1] = 1
int num2[2] = 2
int num3[0] = 0
int num3[1] = 1
int num3[2] = 2
int num3[3] = 3
int num4[0] = 0
int num4[1] = 1
int num4[2] = 2
int num4[3] = 3
int num4[4] = 4
int num5[0] = 0
int num5[1] = 1
int num5[2] = 2
int num5[3] = 3
int num5[4] = 4
int num5[5] = 5
int num6[0] = 0
int num6[1] = 1
int num6[2] = 2
int num6[3] = 3
int num6[4] = 4
int num6[5] = 5
int num6[6] = 6
int num7[0] = 0
int num7[1] = 1
int num7[2] = 2
int num7[3] = 3
int num7[4] = 4
int num7[5] = 5
int num7[6] = 6
int num7[7] = 7
int num8[0] = 0
int num8[1] = 1
int num8[2] = 2
int num8[3] = 3
int num8[4] = 4
int num8[5] = 5
int num8[6] = 6
int num8[7] = 7
int num8[8] = 8
Graphics is turned off by the Makefile.  Program exiting.

gpl.cpp::main() done.
